// Jest Snapshot v1, https://goo.gl/fbAQLP

exports[`matches snapshot... 1`] = `
<DocumentFragment>
  <div
    class="Board"
  >
    <h1>
      Let's flip a coin!
    </h1>
    <h2>
      Stats:
    </h2>
    <p>
      <strong>
        Heads:
      </strong>
       0
    </p>
    <p>
      <strong>
        Tails:
      </strong>
       0
    </p>
    <p>
      Out of 0 flips: There are 0 heads and 0 tails.
    </p>
    <button>
      Flip Coin
    </button>
  </div>
</DocumentFragment>
`;
